saravanans@skillsasap-vm24:~/tf_local_demo$ cd ..
saravanans@skillsasap-vm24:~$ ls
tf_local_demo
saravanans@skillsasap-vm24:~$ mkdir tf_random_demo
saravanans@skillsasap-vm24:~$ cd tf_random_demo
saravanans@skillsasap-vm24:~/tf_random_demo$ ls
saravanans@skillsasap-vm24:~/tf_random_demo$ nano main.tf
saravanans@skillsasap-vm24:~/tf_random_demo$ cat main.tf
resource "random_string" "datagen" {
   length = "15"
}
saravanans@skillsasap-vm24:~/tf_random_demo$
saravanans@skillsasap-vm24:~/tf_random_demo$ terraform plan
╷
│ Error: Inconsistent dependency lock file
│
│ The following dependency selections recorded in the lock file are inconsistent
│ with the current configuration:
│   - provider registry.terraform.io/hashicorp/random: required by this configuration but no version is selected
│
│ To make the initial dependency selections that will initialize the dependency
│ lock file, run:
│   terraform init
╵
saravanans@skillsasap-vm24:~/tf_random_demo$ terraform apply
╷
│ Error: Inconsistent dependency lock file
│
│ The following dependency selections recorded in the lock file are inconsistent
│ with the current configuration:
│   - provider registry.terraform.io/hashicorp/random: required by this configuration but no version is selected
│
│ To make the initial dependency selections that will initialize the dependency
│ lock file, run:
│   terraform init
╵
saravanans@skillsasap-vm24:~/tf_random_demo$ ls -a
.  ..  main.tf
saravanans@skillsasap-vm24:~/tf_random_demo$ terraform init

Initializing the backend...

Initializing provider plugins...
- Finding latest version of hashicorp/random...
- Installing hashicorp/random v3.5.1...
- Installed hashicorp/random v3.5.1 (signed by HashiCorp)

Terraform has created a lock file .terraform.lock.hcl to record the provider
selections it made above. Include this file in your version control repository
so that Terraform can guarantee to make the same selections by default when
you run "terraform init" in the future.

Terraform has been successfully initialized!

You may now begin working with Terraform. Try running "terraform plan" to see
any changes that are required for your infrastructure. All Terraform commands
should now work.

If you ever set or change modules or backend configuration for Terraform,
rerun this command to reinitialize your working directory. If you forget, other
commands will detect it and remind you to do so if necessary.
saravanans@skillsasap-vm24:~/tf_random_demo$ ls -a
.  ..  .terraform  .terraform.lock.hcl  main.tf
saravanans@skillsasap-vm24:~/tf_random_demo$ ls -R .terraform
.terraform:
providers

.terraform/providers:
registry.terraform.io

.terraform/providers/registry.terraform.io:
hashicorp

.terraform/providers/registry.terraform.io/hashicorp:
random

.terraform/providers/registry.terraform.io/hashicorp/random:
3.5.1

.terraform/providers/registry.terraform.io/hashicorp/random/3.5.1:
linux_amd64

.terraform/providers/registry.terraform.io/hashicorp/random/3.5.1/linux_amd64:
terraform-provider-random_v3.5.1_x5
saravanans@skillsasap-vm24:~/tf_random_demo$ cat main.tf
resource "random_string" "datagen" {
   length = "15"
}
saravanans@skillsasap-vm24:~/tf_random_demo$ terraform plan

Terraform used the selected providers to generate the following execution plan.
Resource actions are indicated with the following symbols:
  + create

Terraform will perform the following actions:

  # random_string.datagen will be created
  + resource "random_string" "datagen" {
      + id          = (known after apply)
      + length      = 15
      + lower       = true
      + min_lower   = 0
      + min_numeric = 0
      + min_special = 0
      + min_upper   = 0
      + number      = true
      + numeric     = true
      + result      = (known after apply)
      + special     = true
      + upper       = true
    }

Plan: 1 to add, 0 to change, 0 to destroy.

──────────────────────────────────────────────────────────────────────────────────

Note: You didn't use the -out option to save this plan, so Terraform can't
guarantee to take exactly these actions if you run "terraform apply" now.
saravanans@skillsasap-vm24:~/tf_random_demo$ ls
main.tf
saravanans@skillsasap-vm24:~/tf_random_demo$ ls -a
.  ..  .terraform  .terraform.lock.hcl  main.tf
saravanans@skillsasap-vm24:~/tf_random_demo$ terraform apply

Terraform used the selected providers to generate the following execution plan.
Resource actions are indicated with the following symbols:
  + create

Terraform will perform the following actions:

  # random_string.datagen will be created
  + resource "random_string" "datagen" {
      + id          = (known after apply)
      + length      = 15
      + lower       = true
      + min_lower   = 0
      + min_numeric = 0
      + min_special = 0
      + min_upper   = 0
      + number      = true
      + numeric     = true
      + result      = (known after apply)
      + special     = true
      + upper       = true
    }

Plan: 1 to add, 0 to change, 0 to destroy.

Do you want to perform these actions?
  Terraform will perform the actions described above.
  Only 'yes' will be accepted to approve.

  Enter a value: yes

random_string.datagen: Creating...
random_string.datagen: Creation complete after 0s [id=skwX>+g%FV?ZIi7]

Apply complete! Resources: 1 added, 0 changed, 0 destroyed.
saravanans@skillsasap-vm24:~/tf_random_demo$ ls
main.tf  terraform.tfstate
saravanans@skillsasap-vm24:~/tf_random_demo$
saravanans@skillsasap-vm24:~/tf_random_demo$
