saravanans@skillsasap-vm24:~$ mkdir tf_azure_intro
saravanans@skillsasap-vm24:~$ cd tf_azure_intro
saravanans@skillsasap-vm24:~/tf_azure_intro$ ls
saravanans@skillsasap-vm24:~/tf_azure_intro$ nano main.tf
saravanans@skillsasap-vm24:~/tf_azure_intro$ cat main.tf
resource "azurerm_resource_group" "myrg" {
	name = "${random_string.rgprefix}rgdemo"
	location = "westus"
}

resource "random_string" "rgprefix" {
   length = "9"
   special = false
}

saravanans@skillsasap-vm24:~/tf_azure_intro$ nano main.tf
saravanans@skillsasap-vm24:~/tf_azure_intro$ cat main.tf
resource "azurerm_resource_group" "myrg" {
	name = "${random_string.rgprefix.result}rgdemo"
	location = "westus"
}

resource "random_string" "rgprefix" {
   length = "9"
   special = false
}

saravanans@skillsasap-vm24:~/tf_azure_intro$ terraform init

Initializing the backend...

Initializing provider plugins...
- Finding latest version of hashicorp/random...
- Finding latest version of hashicorp/azurerm...
- Installing hashicorp/random v3.5.1...
- Installed hashicorp/random v3.5.1 (signed by HashiCorp)
- Installing hashicorp/azurerm v3.73.0...
- Installed hashicorp/azurerm v3.73.0 (signed by HashiCorp)

Terraform has created a lock file .terraform.lock.hcl to record the provider
selections it made above. Include this file in your version control repository
so that Terraform can guarantee to make the same selections by default when
you run "terraform init" in the future.

Terraform has been successfully initialized!

You may now begin working with Terraform. Try running "terraform plan" to see
any changes that are required for your infrastructure. All Terraform commands
should now work.

If you ever set or change modules or backend configuration for Terraform,
rerun this command to reinitialize your working directory. If you forget, other
commands will detect it and remind you to do so if necessary.
saravanans@skillsasap-vm24:~/tf_azure_intro$ ls
main.tf
saravanans@skillsasap-vm24:~/tf_azure_intro$
saravanans@skillsasap-vm24:~/tf_azure_intro$
saravanans@skillsasap-vm24:~/tf_azure_intro$ terraform apply

Terraform used the selected providers to generate the following execution plan.
Resource actions are indicated with the following symbols:
  + create

Terraform planned the following actions, but then encountered a problem:

  # random_string.rgprefix will be created
  + resource "random_string" "rgprefix" {
      + id          = (known after apply)
      + length      = 9
      + lower       = true
      + min_lower   = 0
      + min_numeric = 0
      + min_special = 0
      + min_upper   = 0
      + number      = true
      + numeric     = true
      + result      = (known after apply)
      + special     = false
      + upper       = true
    }

Plan: 1 to add, 0 to change, 0 to destroy.
╷
│ Error: Insufficient features blocks
│
│   on <empty> line 0:
│   (source code not available)
│
│ At least 1 "features" blocks are required.
╵
saravanans@skillsasap-vm24:~/tf_azure_intro$ ls
main.tf
saravanans@skillsasap-vm24:~/tf_azure_intro$ nano providers.tf
saravanans@skillsasap-vm24:~/tf_azure_intro$
saravanans@skillsasap-vm24:~/tf_azure_intro$ cat providers.tf
provider "azurerm" {
	features { }
}
saravanans@skillsasap-vm24:~/tf_azure_intro$ terraform plan

Terraform used the selected providers to generate the following execution plan.
Resource actions are indicated with the following symbols:
  + create

Terraform will perform the following actions:

  # azurerm_resource_group.myrg will be created
  + resource "azurerm_resource_group" "myrg" {
      + id       = (known after apply)
      + location = "westus"
      + name     = (known after apply)
    }

  # random_string.rgprefix will be created
  + resource "random_string" "rgprefix" {
      + id          = (known after apply)
      + length      = 9
      + lower       = true
      + min_lower   = 0
      + min_numeric = 0
      + min_special = 0
      + min_upper   = 0
      + number      = true
      + numeric     = true
      + result      = (known after apply)
      + special     = false
      + upper       = true
    }

Plan: 2 to add, 0 to change, 0 to destroy.

──────────────────────────────────────────────────────────────────────────────────

Note: You didn't use the -out option to save this plan, so Terraform can't
guarantee to take exactly these actions if you run "terraform apply" now.
saravanans@skillsasap-vm24:~/tf_azure_intro$ terraform apply

Terraform used the selected providers to generate the following execution plan.
Resource actions are indicated with the following symbols:
  + create

Terraform will perform the following actions:

  # azurerm_resource_group.myrg will be created
  + resource "azurerm_resource_group" "myrg" {
      + id       = (known after apply)
      + location = "westus"
      + name     = (known after apply)
    }

  # random_string.rgprefix will be created
  + resource "random_string" "rgprefix" {
      + id          = (known after apply)
      + length      = 9
      + lower       = true
      + min_lower   = 0
      + min_numeric = 0
      + min_special = 0
      + min_upper   = 0
      + number      = true
      + numeric     = true
      + result      = (known after apply)
      + special     = false
      + upper       = true
    }

Plan: 2 to add, 0 to change, 0 to destroy.

Do you want to perform these actions?
  Terraform will perform the actions described above.
  Only 'yes' will be accepted to approve.

  Enter a value: yes

random_string.rgprefix: Creating...
random_string.rgprefix: Creation complete after 0s [id=klB0Y9koP]
azurerm_resource_group.myrg: Creating...
azurerm_resource_group.myrg: Creation complete after 2s [id=/subscriptions/d9bd5677-040c-4455-a75e-5830c2c503f9/resourceGroups/klB0Y9koPrgdemo]

Apply complete! Resources: 2 added, 0 changed, 0 destroyed.
saravanans@skillsasap-vm24:~/tf_azure_intro$
saravanans@skillsasap-vm24:~/tf_azure_intro$ 





#### UPDATE #### 

saravanans@skillsasap-vm24:~/tf_azure_intro$ cat providers.tf

provider "azurerm" {
  features {}

  skip_provider_registration = true
}


