saravanans@skillsasap-vm24:~$ mkdir tf_var_file
saravanans@skillsasap-vm24:~$ cd .
saravanans@skillsasap-vm24:~$ cd tf_var_file
saravanans@skillsasap-vm24:~/tf_var_file$ nano variables.tf
saravanans@skillsasap-vm24:~/tf_var_file$
saravanans@skillsasap-vm24:~/tf_var_file$ nano main.tg
saravanans@skillsasap-vm24:~/tf_var_file$ nano main.tf
saravanans@skillsasap-vm24:~/tf_var_file$ cat main.tf
resource "random_string" "rgprefix" {
   length = "9"
   special = false
}

resource "azurerm_resource_group" "myrg" {
	name = "${random_string.rgprefix.result}rgdemo"
	location = var.location
}

saravanans@skillsasap-vm24:~/tf_var_file$ cat variables.tf
variable "location" {
	description = "mention the region / location"
	default = "westus"
}
saravanans@skillsasap-vm24:~/tf_var_file$ terraform init

Initializing the backend...

Initializing provider plugins...
- Finding latest version of hashicorp/random...
- Finding latest version of hashicorp/azurerm...
- Installing hashicorp/random v3.5.1...
- Installed hashicorp/random v3.5.1 (signed by HashiCorp)
- Installing hashicorp/azurerm v3.73.0...
- Installed hashicorp/azurerm v3.73.0 (signed by HashiCorp)

Terraform has created a lock file .terraform.lock.hcl to record the provider
selections it made above. Include this file in your version control repository
so that Terraform can guarantee to make the same selections by default when
you run "terraform init" in the future.

Terraform has been successfully initialized!

You may now begin working with Terraform. Try running "terraform plan" to see
any changes that are required for your infrastructure. All Terraform commands
should now work.

If you ever set or change modules or backend configuration for Terraform,
rerun this command to reinitialize your working directory. If you forget, other
commands will detect it and remind you to do so if necessary.
saravanans@skillsasap-vm24:~/tf_var_file$ terraform apply

Terraform used the selected providers to generate the following execution plan.
Resource actions are indicated with the following symbols:
  + create

Terraform planned the following actions, but then encountered a problem:

  # random_string.rgprefix will be created
  + resource "random_string" "rgprefix" {
      + id          = (known after apply)
      + length      = 9
      + lower       = true
      + min_lower   = 0
      + min_numeric = 0
      + min_special = 0
      + min_upper   = 0
      + number      = true
      + numeric     = true
      + result      = (known after apply)
      + special     = false
      + upper       = true
    }

Plan: 1 to add, 0 to change, 0 to destroy.
╷
│ Error: Insufficient features blocks
│
│   on <empty> line 0:
│   (source code not available)
│
│ At least 1 "features" blocks are required.
╵
saravanans@skillsasap-vm24:~/tf_var_file$ nano providers.tf
saravanans@skillsasap-vm24:~/tf_var_file$ cat .
cat: .: Is a directory
saravanans@skillsasap-vm24:~/tf_var_file$ cat providers.tf
provider "azurerm" {
  features {}
}

saravanans@skillsasap-vm24:~/tf_var_file$ terraform apply

Terraform used the selected providers to generate the following execution plan.
Resource actions are indicated with the following symbols:
  + create

Terraform will perform the following actions:

  # azurerm_resource_group.myrg will be created
  + resource "azurerm_resource_group" "myrg" {
      + id       = (known after apply)
      + location = "westus"
      + name     = (known after apply)
    }

  # random_string.rgprefix will be created
  + resource "random_string" "rgprefix" {
      + id          = (known after apply)
      + length      = 9
      + lower       = true
      + min_lower   = 0
      + min_numeric = 0
      + min_special = 0
      + min_upper   = 0
      + number      = true
      + numeric     = true
      + result      = (known after apply)
      + special     = false
      + upper       = true
    }

Plan: 2 to add, 0 to change, 0 to destroy.

Do you want to perform these actions?
  Terraform will perform the actions described above.
  Only 'yes' will be accepted to approve.

  Enter a value: yes

random_string.rgprefix: Creating...
random_string.rgprefix: Creation complete after 0s [id=ctG8nNrG9]
azurerm_resource_group.myrg: Creating...
azurerm_resource_group.myrg: Creation complete after 1s [id=/subscriptions/d9bd5677-040c-4455-a75e-5830c2c503f9/resourceGroups/ctG8nNrG9rgdemo]

Apply complete! Resources: 2 added, 0 changed, 0 destroyed.
saravanans@skillsasap-vm24:~/tf_var_file$
saravanans@skillsasap-vm24:~/tf_var_file$
saravanans@skillsasap-vm24:~/tf_var_file$ ls
main.tf  providers.tf  terraform.tfstate  variables.tf
saravanans@skillsasap-vm24:~/tf_var_file$
saravanans@skillsasap-vm24:~/tf_var_file$ nano terraform.tfvars
saravanans@skillsasap-vm24:~/tf_var_file$ terraform state show azurerm_resource_group.myrg
# azurerm_resource_group.myrg:
resource "azurerm_resource_group" "myrg" {
    id       = "/subscriptions/d9bd5677-040c-4455-a75e-5830c2c503f9/resourceGroups/ctG8nNrG9rgdemo"
    location = "westus"
    name     = "ctG8nNrG9rgdemo"
}
saravanans@skillsasap-vm24:~/tf_var_file$ cat variables.tf
variable "location" {
	description = "mention the region / location"
	default = "westus"
}
saravanans@skillsasap-vm24:~/tf_var_file$
saravanans@skillsasap-vm24:~/tf_var_file$ nano
saravanans@skillsasap-vm24:~/tf_var_file$ nano terraform.tfvars
saravanans@skillsasap-vm24:~/tf_var_file$ cat terraform.tfvars
location = "eastus"
saravanans@skillsasap-vm24:~/tf_var_file$
saravanans@skillsasap-vm24:~/tf_var_file$ terraform apply
random_string.rgprefix: Refreshing state... [id=ctG8nNrG9]
azurerm_resource_group.myrg: Refreshing state... [id=/subscriptions/d9bd5677-040c-4455-a75e-5830c2c503f9/resourceGroups/ctG8nNrG9rgdemo]

Terraform used the selected providers to generate the following execution plan.
Resource actions are indicated with the following symbols:
-/+ destroy and then create replacement

Terraform will perform the following actions:

  # azurerm_resource_group.myrg must be replaced
-/+ resource "azurerm_resource_group" "myrg" {
      ~ id       = "/subscriptions/d9bd5677-040c-4455-a75e-5830c2c503f9/resourceGroups/ctG8nNrG9rgdemo" -> (known after apply)
      ~ location = "westus" -> "eastus" # forces replacement
        name     = "ctG8nNrG9rgdemo"
      - tags     = {} -> null
    }

Plan: 1 to add, 0 to change, 1 to destroy.

Do you want to perform these actions?
  Terraform will perform the actions described above.
  Only 'yes' will be accepted to approve.

  Enter a value: yes

azurerm_resource_group.myrg: Destroying... [id=/subscriptions/d9bd5677-040c-4455-a75e-5830c2c503f9/resourceGroups/ctG8nNrG9rgdemo]
azurerm_resource_group.myrg: Still destroying... [id=/subscriptions/d9bd5677-040c-4455-a75e-...2c503f9/resourceGroups/ctG8nNrG9rgdemo, 10s elapsed]
azurerm_resource_group.myrg: Still destroying... [id=/subscriptions/d9bd5677-040c-4455-a75e-...2c503f9/resourceGroups/ctG8nNrG9rgdemo, 20s elapsed]
azurerm_resource_group.myrg: Still destroying... [id=/subscriptions/d9bd5677-040c-4455-a75e-...2c503f9/resourceGroups/ctG8nNrG9rgdemo, 30s elapsed]
azurerm_resource_group.myrg: Still destroying... [id=/subscriptions/d9bd5677-040c-4455-a75e-...2c503f9/resourceGroups/ctG8nNrG9rgdemo, 40s elapsed]
azurerm_resource_group.myrg: Still destroying... [id=/subscriptions/d9bd5677-040c-4455-a75e-...2c503f9/resourceGroups/ctG8nNrG9rgdemo, 50s elapsed]
azurerm_resource_group.myrg: Still destroying... [id=/subscriptions/d9bd5677-040c-4
455-a75e-...2c503f9/resourceGroups/ctG8nNrG9rgdemo, 1m0s elapsed]
azurerm_resource_group.myrg: Still destroying... [id=/subscriptions/d9bd5677-040c-4455-a75e-...2c503f9/resourceGroups/ctG8nNrG9rgdemo, 1m10s elapsed]
azurerm_resource_group.myrg: Destruction complete after 1m18s
azurerm_resource_group.myrg: Creating...
resource "random_string" "rgprefix" {
   length = "9"
   special = false
}

resource "azurerm_resource_group" "myrg" {
        name = "${random_string.rgprefix.result}rgdemo"
        location = var.location
}

~
~
~
~
~
~
~
~
~
"main.tf" 10L, 196C                                              1,1           All
resource "random_string" "rgprefix" {
azurerm_resource_group.myrg: Creation complete after 0s [id=/subscriptions/d9bd5677-040c-4455-a75e-5830c2c503f9/resourceGroups/ctG8nNrG9rgdemo]

Apply complete! Resources: 1 added, 0 changed, 1 destroyed.
saravanans@skillsasap-vm24:~/tf_var_file$ terraform state show azurerm_resource_group.myrg
# azurerm_resource_group.myrg:
resource "azurerm_resource_group" "myrg" {
    id       = "/subscriptions/d9bd5677-040c-4455-a75e-5830c2c503f9/resourceGroups/ctG8nNrG9rgdemo"
    location = "eastus"
    name     = "ctG8nNrG9rgdemo"
}
saravanans@skillsasap-vm24:~/tf_var_file$ nano terraform.tf
saravanans@skillsasap-vm24:~/tf_var_file$ nano terraform.tfvars
saravanans@skillsasap-vm24:~/tf_var_file$ cat terraform.tfvars
location = "eastus"
rgsuffix = "fromfile"
saravanans@skillsasap-vm24:~/tf_var_file$ vi main.tf
saravanans@skillsasap-vm24:~/tf_var_file$ cat main.tf
resource "random_string" "rgprefix" {
   length = "9"
   special = false
}

resource "azurerm_resource_group" "myrg" {
	name = "${random_string.rgprefix.result}rgdemo-${var.rgsuffix}"
	location = var.location
}

saravanans@skillsasap-vm24:~/tf_var_file$ terraform apply
╷
│ Warning: Value for undeclared variable
│
│ The root module does not declare a variable named "rgsuffix" but a value was
│ found in file "terraform.tfvars". If you meant to use this value, add a
│ "variable" block to the configuration.
│
│ To silence these warnings, use TF_VAR_... environment variables to provide
│ certain "global" settings to all configurations in your organization. To reduce
│ the verbosity of these warnings, use the -compact-warnings option.
╵
╷
│ Error: Reference to undeclared input variable
│
│   on main.tf line 7, in resource "azurerm_resource_group" "myrg":
│    7: 	name = "${random_string.rgprefix.result}rgdemo-${var.rgsuffix}"
│
│ An input variable with the name "rgsuffix" has not been declared. This variable
│ can be declared with a variable "rgsuffix" {} block.
╵
saravanans@skillsasap-vm24:~/tf_var_file$ nano variables.tf
saravanans@skillsasap-vm24:~/tf_var_file$ cat variables.tf
variable "location" {
	description = "mention the region / location"
	default = "westus"
}

variable "rgsuffix" {
description = "suffix for rg"
}
saravanans@skillsasap-vm24:~/tf_var_file$ terraform apply
random_string.rgprefix: Refreshing state... [id=ctG8nNrG9]
azurerm_resource_group.myrg: Refreshing state... [id=/subscriptions/d9bd5677-040c-4455-a75e-5830c2c503f9/resourceGroups/ctG8nNrG9rgdemo]

Terraform used the selected providers to generate the following execution plan.
Resource actions are indicated with the following symbols:
-/+ destroy and then create replacement

Terraform will perform the following actions:

  # azurerm_resource_group.myrg must be replaced
-/+ resource "azurerm_resource_group" "myrg" {
      ~ id       = "/subscriptions/d9bd5677-040c-4455-a75e-5830c2c503f9/resourceGroups/ctG8nNrG9rgdemo" -> (known after apply)
      ~ name     = "ctG8nNrG9rgdemo" -> "ctG8nNrG9rgdemo-fromfile" # forces replacement
      - tags     = {} -> null
        # (1 unchanged attribute hidden)
    }

Plan: 1 to add, 0 to change, 1 to destroy.

Do you want to perform these actions?
  Terraform will perform the actions described above.
  Only 'yes' will be accepted to approve.

  Enter a value: yes

azurerm_resource_group.myrg: Destroying... [id=/subscriptions/d9bd5677-040c-4455-a75e-5830c2c503f9/resourceGroups/ctG8nNrG9rgdemo]
azurerm_resource_group.myrg: Still destroying... [id=/subscriptions/d9bd5677-040c-4455-a75e-...2c503f9/resourceGroups/ctG8nNrG9rgdemo, 10s elapsed]
azurerm_resource_group.myrg: Destruction complete after 16s
azurerm_resource_group.myrg: Creating...
azurerm_resource_group.myrg: Creation complete after 0s [id=/subscriptions/d9bd5677-040c-4455-a75e-5830c2c503f9/resourceGroups/ctG8nNrG9rgdemo-fromfile]

Apply complete! Resources: 1 added, 0 changed, 1 destroyed.
saravanans@skillsasap-vm24:~/tf_var_file$ terraform apply --auto-approve
random_string.rgprefix: Refreshing state... [id=ctG8nNrG9]
azurerm_resource_group.myrg: Refreshing state... [id=/subscriptions/d9bd5677-040c-4455-a75e-5830c2c503f9/resourceGroups/ctG8nNrG9rgdemo-fromfile]

No changes. Your infrastructure matches the configuration.

Terraform has compared your real infrastructure against your configuration and
found no differences, so no changes are needed.

Apply complete! Resources: 0 added, 0 changed, 0 destroyed.
saravanans@skillsasap-vm24:~/tf_var_file$
saravanans@skillsasap-vm24:~/tf_var_file$ ls
main.tf       terraform.tfstate         terraform.tfvars
providers.tf  terraform.tfstate.backup  variables.tf
saravanans@skillsasap-vm24:~/tf_var_file$
saravanans@skillsasap-vm24:~/tf_var_file$
saravanans@skillsasap-vm24:~/tf_var_file$ nano dev.tfvars
saravanans@skillsasap-vm24:~/tf_var_file$ cat dev.tfvars
location = "centralindia"
rgsuffix = "devrg"
saravanans@skillsasap-vm24:~/tf_var_file$ ls
dev.tfvars  providers.tf       terraform.tfstate.backup  variables.tf
main.tf     terraform.tfstate  terraform.tfvars
saravanans@skillsasap-vm24:~/tf_var_file$ terraform apply
random_string.rgprefix: Refreshing state... [id=ctG8nNrG9]
azurerm_resource_group.myrg: Refreshing state... [id=/subscriptions/d9bd5677-040c-4455-a75e-5830c2c503f9/resourceGroups/ctG8nNrG9rgdemo-fromfile]

No changes. Your infrastructure matches the configuration.

Terraform has compared your real infrastructure against your configuration and
found no differences, so no changes are needed.

Apply complete! Resources: 0 added, 0 changed, 0 destroyed.
saravanans@skillsasap-vm24:~/tf_var_file$
saravanans@skillsasap-vm24:~/tf_var_file$ terraform apply -var-file="dev.tfvars"
random_string.rgprefix: Refreshing state... [id=ctG8nNrG9]
azurerm_resource_group.myrg: Refreshing state... [id=/subscriptions/d9bd5677-040c-4455-a75e-5830c2c503f9/resourceGroups/ctG8nNrG9rgdemo-fromfile]

Terraform used the selected providers to generate the following execution plan.
Resource actions are indicated with the following symbols:
-/+ destroy and then create replacement

Terraform will perform the following actions:

  # azurerm_resource_group.myrg must be replaced
-/+ resource "azurerm_resource_group" "myrg" {
      ~ id       = "/subscriptions/d9bd5677-040c-4455-a75e-5830c2c503f9/resourceGroups/ctG8nNrG9rgdemo-fromfile" -> (known after apply)
      ~ location = "eastus" -> "centralindia" # forces replacement
      ~ name     = "ctG8nNrG9rgdemo-fromfile" -> "ctG8nNrG9rgdemo-devrg" # forces replacement
      - tags     = {} -> null
    }

Plan: 1 to add, 0 to change, 1 to destroy.

Do you want to perform these actions?
  Terraform will perform the actions described above.
  Only 'yes' will be accepted to approve.

  Enter a value: yes

azurerm_resource_group.myrg: Destroying... [id=/subscriptions/d9bd5677-040c-4455-a75e-5830c2c503f9/resourceGroups/ctG8nNrG9rgdemo-fromfile]
azurerm_resource_group.myrg: Still destroying... [id=/subscriptions/d9bd5677-040c-4455-a75e-...esourceGroups/ctG8nNrG9rgdemo-fromfile, 10s elapsed]
azurerm_resource_group.myrg: Destruction complete after 15s
azurerm_resource_group.myrg: Creating...
azurerm_resource_group.myrg: Creation complete after 2s [id=/subscriptions/d9bd5677-040c-4455-a75e-5830c2c503f9/resourceGroups/ctG8nNrG9rgdemo-devrg]

Apply complete! Resources: 1 added, 0 changed, 1 destroyed.
saravanans@skillsasap-vm24:~/tf_var_file$ ls
dev.tfvars  providers.tf       terraform.tfstate.backup  variables.tf
main.tf     terraform.tfstate  terraform.tfvars
saravanans@skillsasap-vm24:~/tf_var_file$
saravanans@skillsasap-vm24:~/tf_var_file$ cat dev.tfvars
location = "centralindia"
rgsuffix = "devrg"
saravanans@skillsasap-vm24:~/tf_var_file$ cat terraform.tfvars
location = "eastus"
rgsuffix = "fromfile"
saravanans@skillsasap-vm24:~/tf_var_file$

