saravanans@skillsasap-vm:~/terraform_custom_provider$
saravanans@skillsasap-vm:~/terraform_custom_provider$ tree .
.
├── main.go
├── provider.go
└── resource_server.go

0 directories, 3 files
saravanans@skillsasap-vm:~/terraform_custom_provider$ vi main.go
saravanans@skillsasap-vm:~/terraform_custom_provider$ vi provider.go
saravanans@skillsasap-vm:~/terraform_custom_provider$ vi resource_server.go
saravanans@skillsasap-vm:~/terraform_custom_provider$ vi provider.go 
saravanans@skillsasap-vm:~/terraform_custom_provider$ vi provider.go
saravanans@skillsasap-vm:~/terraform_custom_provider$ vi resource_server.go

saravanans@skillsasap-vm:~/terraform_custom_provider$ cat main.go
// main.go
package main

import (
	"github.com/hashicorp/terraform-plugin-sdk/plugin"
	"github.com/hashicorp/terraform-plugin-sdk/terraform"
)

func main() {
	plugin.Serve(&plugin.ServeOpts{
		ProviderFunc: func() terraform.ResourceProvider {
			return Provider()
		},
	})
}
saravanans@skillsasap-vm:~/terraform_custom_provider$ cat provider.go
// provider.go
package main

import (
	"github.com/hashicorp/terraform-plugin-sdk/helper/schema"
)

func Provider() *schema.Provider {
	return &schema.Provider{
		ResourcesMap: map[string]*schema.Resource{
			"example_server": resourceServer(),
		},
	}
}
saravanans@skillsasap-vm:~/terraform_custom_provider$ cat resource_server.go
// resource_server.go
package main

import (
	"github.com/hashicorp/terraform-plugin-sdk/helper/schema"
	"log"
	"net/http"
)

func resourceServer() *schema.Resource {
	return &schema.Resource{
		Create: resourceServerCreate,
		Read:   resourceServerRead,
		Update: resourceServerUpdate,
		Delete: resourceServerDelete,

		Schema: map[string]*schema.Schema{
			"uuid_count": &schema.Schema{
				Type:     schema.TypeString,
				Required: true,
			},
		},
	}
}

func resourceServerCreate(d *schema.ResourceData, m interface{}) error {
	uuid_count := d.Get("uuid_count").(string)

	d.SetId(uuid_count)

	// https://www.uuidtools.com/api/generate/v1/count/uuid_count
	resp, err := http.Get("https://www.uuidtools.com/api/generate/v1/count/" + uuid_count)
	if err != nil {
		log.Fatal(err)
	}
	defer resp.Body.Close()

	return resourceServerRead(d, m)
}

func resourceServerRead(d *schema.ResourceData, m interface{}) error {
	return nil
}

func resourceServerUpdate(d *schema.ResourceData, m interface{}) error {
	return resourceServerRead(d, m)
}

func resourceServerDelete(d *schema.ResourceData, m interface{}) error {
	d.SetId("")
	return nil
}
saravanans@skillsasap-vm:~/terraform_custom_provider$

saravanans@skillsasap-vm:~/terraform_custom_provider$ go mod init terraform-provider-example
go: creating new go.mod: module terraform-provider-example
go: to add module requirements and sums:
	go mod tidy
saravanans@skillsasap-vm:~/terraform_custom_provider$ go fmt
main.go
provider.go
resource_server.go

saravanans@skillsasap-vm:~/terraform_custom_provider$ go mod tidy
go: finding module for package github.com/hashicorp/terraform-plugin-sdk/helper/schema
go: finding module for package github.com/hashicorp/terraform-plugin-sdk/plugin
go: downloading github.com/hashicorp/terraform-plugin-sdk v1.17.2
go: finding module for package github.com/hashicorp/terraform-plugin-sdk/terraform
go: found github.com/hashicorp/terraform-plugin-sdk/helper/schema in github.com/hashicorp/terraform-plugin-sdk v1.17.2
go: found github.com/hashicorp/terraform-plugin-sdk/plugin in github.com/hashicorp/terraform-plugin-sdk v1.17.2
go: found github.com/hashicorp/terraform-plugin-sdk/terraform in github.com/hashicorp/terraform-plugin-sdk v1.17.2
go: downloading github.com/hashicorp/go-hclog v0.9.2
go: downloading github.com/hashicorp/go-plugin v1.3.0
go: downloading github.com/zclconf/go-cty v1.8.2
go: downloading google.golang.org/grpc v1.32.0
go: downloading github.com/golang/mock v1.4.4
go: downloading github.com/google/go-cmp v0.5.5
go: downloading github.com/hashicorp/go-multierror v1.0.0
go: downloading github.com/mitchellh/copystructure v1.0.0
go: downloading github.com/mitchellh/mapstructure v1.1.2
go: downloading github.com/davecgh/go-spew v1.1.1
go: downloading github.com/agext/levenshtein v1.2.2
go: downloading github.com/hashicorp/errwrap v1.0.0
go: downloading github.com/hashicorp/go-uuid v1.0.1
go: downloading github.com/hashicorp/go-version v1.3.0
go: downloading github.com/hashicorp/hcl/v2 v2.8.2
go: downloading github.com/hashicorp/hcl v0.0.0-20170504190234-a4b07c25de5f
go: downloading github.com/mitchellh/reflectwalk v1.0.1
go: downloading github.com/go-test/deep v1.0.3
go: downloading github.com/stretchr/testify v1.7.0
go: downloading github.com/apparentlymart/go-dump v0.0.0-20190214190832-042adf3cf4a0
go: downloading golang.org/x/net v0.0.0-20210326060303-6b1517762897
go: downloading github.com/hashicorp/go-getter v1.5.3
go: downloading github.com/hashicorp/terraform-svchost v0.0.0-20200729002733-f050f53b9734
go: downloading github.com/mitchellh/cli v1.1.2
go: downloading golang.org/x/crypto v0.0.0-20210322153248-0c34fe9e7dc2
go: downloading github.com/golang/protobuf v1.4.2
go: downloading golang.org/x/text v0.3.5
go: downloading github.com/vmihailenco/msgpack/v4 v4.3.12
go: downloading github.com/vmihailenco/msgpack v3.3.3+incompatible
go: downloading github.com/hashicorp/yamux v0.0.0-20181012175058-2f1d1f20f75d
go: downloading github.com/mitchellh/go-testing-interface v1.0.4
go: downloading github.com/oklog/run v1.0.0
go: downloading github.com/jhump/protoreflect v1.6.0
go: downloading golang.org/x/xerrors v0.0.0-20200804184101-5ec99f83aff1
go: downloading github.com/apparentlymart/go-textseg/v12 v12.0.0
go: downloading github.com/apparentlymart/go-textseg v1.0.0
go: downloading github.com/mitchellh/go-wordwrap v1.0.0
go: downloading github.com/kr/pretty v0.2.1
go: downloading github.com/kylelemons/godebug v1.1.0
go: downloading github.com/spf13/afero v1.2.2
go: downloading github.com/zclconf/go-cty-yaml v1.0.2
go: downloading github.com/mitchellh/go-homedir v1.1.0
go: downloading github.com/hashicorp/logutils v1.0.0
go: downloading github.com/hashicorp/go-cleanhttp v0.5.2
go: downloading github.com/hashicorp/terraform-config-inspect v0.0.0-20191212124732-c6ae6269b9d7
go: downloading github.com/pmezard/go-difflib v1.0.0
go: downloading gopkg.in/yaml.v3 v3.0.0-20200313102051-9f266ea9e77c
go: downloading cloud.google.com/go/storage v1.10.0
go: downloading cloud.google.com/go v0.65.0
go: downloading github.com/aws/aws-sdk-go v1.37.0
go: downloading github.com/bgentry/go-netrc v0.0.0-20140422174119-9fd32a8b3d3d
go: downloading github.com/hashicorp/go-safetemp v1.0.0
go: downloading github.com/klauspost/compress v1.11.2
go: downloading github.com/ulikunitz/xz v0.5.8
go: downloading google.golang.org/api v0.34.0
go: downloading golang.org/x/oauth2 v0.0.0-20200902213428-5d25da1a8d43
go: downloading github.com/Masterminds/sprig v2.22.0+incompatible
go: downloading github.com/armon/go-radix v1.0.0
go: downloading github.com/bgentry/speakeasy v0.1.0
go: downloading github.com/fatih/color v1.7.0
go: downloading github.com/mattn/go-isatty v0.0.5
go: downloading github.com/posener/complete v1.2.1
go: downloading google.golang.org/genproto v0.0.0-20200904004341-0bd0a958aa1d
go: downloading google.golang.org/protobuf v1.25.0
go: downloading github.com/vmihailenco/tagparser v0.1.1
go: downloading google.golang.org/appengine v1.6.6
go: downloading gopkg.in/check.v1 v1.0.0-20201130134442-10cb98267c6c
go: downloading github.com/apparentlymart/go-textseg/v13 v13.0.0
go: downloading github.com/kr/text v0.2.0
go: downloading github.com/apparentlymart/go-cidr v1.1.0
go: downloading github.com/google/uuid v1.1.2
go: downloading golang.org/x/sys v0.0.0-20210324051608-47abb6519492
go: downloading github.com/googleapis/gax-go/v2 v2.0.5
go: downloading github.com/Masterminds/goutils v1.1.0
go: downloading github.com/Masterminds/semver v1.5.0
go: downloading github.com/huandu/xstrings v1.3.2
go: downloading github.com/imdario/mergo v0.3.12
go: downloading github.com/mattn/go-colorable v0.1.1
go: downloading github.com/sergi/go-diff v1.2.0
go: downloading github.com/jstemmer/go-junit-report v0.9.1
go: downloading golang.org/x/lint v0.0.0-20200302205851-738671d3881b
go: downloading golang.org/x/tools v0.0.0-20201028111035-eafbe7b904eb
go: downloading go.opencensus.io v0.22.4
go: downloading github.com/jmespath/go-jmespath v0.4.0
go: downloading gopkg.in/yaml.v2 v2.3.0
go: downloading github.com/golang/groupcache v0.0.0-20200121045136-8c9f03a8e57e
module terraform-provider-example

go 1.21.1

require github.com/hashicorp/terraform-plugin-sdk v1.17.2

require (
        cloud.google.com/go v0.65.0 // indirect
        cloud.google.com/go/storage v1.10.0 // indirect
        github.com/Masterminds/goutils v1.1.0 // indirect
        github.com/Masterminds/semver v1.5.0 // indirect
        github.com/Masterminds/sprig v2.22.0+incompatible // indirect
        github.com/agext/levenshtein v1.2.2 // indirect
        github.com/apparentlymart/go-cidr v1.1.0 // indirect
        github.com/apparentlymart/go-textseg/v12 v12.0.0 // indirect
        github.com/apparentlymart/go-textseg/v13 v13.0.0 // indirect
        github.com/armon/go-radix v1.0.0 // indirect
        github.com/aws/aws-sdk-go v1.37.0 // indirect
        github.com/bgentry/go-netrc v0.0.0-20140422174119-9fd32a8b3d3d // indirect
"go.mod" 76L, 3740C                                              1,1           Top
module terraform-provider-example

go 1.21.1

require github.com/hashicorp/terraform-plugin-sdk v1.17.2

require (
        cloud.google.com/go v0.65.0 // indirect
        cloud.google.com/go/storage v1.10.0 // indirect
        github.com/Masterminds/goutils v1.1.0 // indirect
        github.com/Masterminds/semver v1.5.0 // indirect
        github.com/Masterminds/sprig v2.22.0+incompatible // indirect
        github.com/agext/levenshtein v1.2.2 // indirect
        github.com/apparentlymart/go-cidr v1.1.0 // indirect
        github.com/apparentlymart/go-textseg/v12 v12.0.0 // indirect
        github.com/apparentlymart/go-textseg/v13 v13.0.0 // indirect
        github.com/armon/go-radix v1.0.0 // indirect
        github.com/aws/aws-sdk-go v1.37.0 // indirect
        github.com/bgentry/go-netrc v0.0.0-20140422174119-9fd32a8b3d3d // indirect
"go.mod" 76L, 3740C                                              1,1           Top
        github.com/aws/aws-sdk-go v1.37.0 // indirect
        github.com/bgentry/go-netrc v0.0.0-20140422174119-9fd32a8b3d3d // indirect
        github.com/bgentry/speakeasy v0.1.0 // indirect
        github.com/fatih/color v1.7.0 // indirect
        github.com/golang/groupcache v0.0.0-20200121045136-8c9f03a8e57e // indirect
        github.com/golang/protobuf v1.4.2 // indirect
        github.com/google/go-cmp v0.5.5 // indirect
        github.com/google/uuid v1.1.2 // indirect
        github.com/googleapis/gax-go/v2 v2.0.5 // indirect
        github.com/hashicorp/errwrap v1.0.0 // indirect
        github.com/hashicorp/go-cleanhttp v0.5.2 // indirect
        github.com/hashicorp/go-getter v1.5.3 // indirect
        github.com/hashicorp/go-hclog v0.9.2 // indirect
        github.com/hashicorp/go-multierror v1.0.0 // indirect
        github.com/hashicorp/go-plugin v1.3.0 // indirect
        github.com/hashicorp/go-safetemp v1.0.0 // indirect
        github.com/hashicorp/go-uuid v1.0.1 // indirect
        github.com/hashicorp/go-version v1.3.0 // indirect
        github.com/hashicorp/hcl/v2 v2.8.2 // indirect
                                                                 23,2-9        29%
        github.com/hashicorp/go-version v1.3.0 // indirect
        github.com/hashicorp/hcl/v2 v2.8.2 // indirect
        github.com/hashicorp/terraform-svchost v0.0.0-20200729002733-f050f53b9734 // indirect
        github.com/hashicorp/yamux v0.0.0-20181012175058-2f1d1f20f75d // indirect
        github.com/huandu/xstrings v1.3.2 // indirect
        github.com/imdario/mergo v0.3.12 // indirect
        github.com/jmespath/go-jmespath v0.4.0 // indirect
        github.com/jstemmer/go-junit-report v0.9.1 // indirect
        github.com/klauspost/compress v1.11.2 // indirect
        github.com/mattn/go-colorable v0.1.1 // indirect
        github.com/mattn/go-isatty v0.0.5 // indirect
        github.com/mitchellh/cli v1.1.2 // indirect
        github.com/mitchellh/copystructure v1.0.0 // indirect
        github.com/mitchellh/go-homedir v1.1.0 // indirect
        github.com/mitchellh/go-testing-interface v1.0.4 // indirect
        github.com/mitchellh/go-wordwrap v1.0.0 // indirect
        github.com/mitchellh/mapstructure v1.1.2 // indirect
        github.com/mitchellh/reflectwalk v1.0.1 // indirect
                                                                 39,2-9        58%
go: downloading github.com/google/martian/v3 v3.0.0
cloud.google.com/go v0.26.0/go.mod h1:aQUYkXzVsufM+DwF1aE+0xfcU+56JwCaLick0ClmMTw=
cloud.google.com/go v0.34.0/go.mod h1:aQUYkXzVsufM+DwF1aE+0xfcU+56JwCaLick0ClmMTw=
cloud.google.com/go v0.38.0/go.mod h1:990N+gfupTy94rShfmMCWGDn0LpTmnzTp2qbd1dvSRU=
cloud.google.com/go v0.44.1/go.mod h1:iSa0KzasP4Uvy3f1mN/7PiObzGgflwredwwASm/v6AU=
cloud.google.com/go v0.44.2/go.mod h1:60680Gw3Yr4ikxnPRS/oxxkBccT6SA1yMk63TGekxKY=
cloud.google.com/go v0.45.1/go.mod h1:RpBamKRgapWJb87xiFSdk4g1CME7QZg3uwTez+TSTjc=
cloud.google.com/go v0.46.3/go.mod h1:a6bKKbmY7er1mI7TEI4lsAkts/mkhTSZK8w33B4RAg0=
cloud.google.com/go v0.50.0/go.mod h1:r9sluTvynVuxRIOHXQEHMFffphuXHOMZMycpNR5e6To=
cloud.google.com/go v0.52.0/go.mod h1:pXajvRH/6o3+F9jDHZWQ5PbGhn+o8w9qiu/CffaVdO4=
cloud.google.com/go v0.53.0/go.mod h1:fp/UouUEsRkN6ryDKNW/Upv/JBKnv6WDthjR6+vze6M=
cloud.google.com/go v0.54.0/go.mod h1:1rq2OEkV3YMf6n/9ZvGWI3GWw0VoqH/1x2nd8Is/bPc=
cloud.google.com/go v0.56.0/go.mod h1:jr7tqZxxKOVYizybht9+26Z/gUq7tiRzu+ACVAMbKVk=
cloud.google.com/go v0.57.0/go.mod h1:oXiQ6Rzq3RAkkY7N6t3TcE6jE+CIBBbA36lwQ1JyzZs=
cloud.google.com/go v0.62.0/go.mod h1:jmCYTdRCQuc1PHIIJ/maLInMho30T/Y0M4hTdTShOYc=
cloud.google.com/go v0.65.0 h1:Dg9iHVQfrhq82rUNu9ZxUDrJLaxFUe/HlCVaLyRruq8=
cloud.google.com/go v0.65.0/go.mod h1:O5N8zS7uWy9vkA9vayVHs65eM1ubvY4h553ofrNHObY=
cloud.google.com/go/bigquery v1.0.1/go.mod h1:i/xbL2UlR5RvWAURpBYZTtm/cXjCha9lbfbpx4poX+o=
@@@
"go.sum" 622L, 61418C                                            1,1           Top
go: downloading github.com/google/martian v2.1.0+incompatible
go: downloading github.com/jmespath/go-jmespath/internal/testify v1.5.1
go: downloading golang.org/x/mod v0.3.0
saravanans@skillsasap-vm:~/terraform_custom_provider$ go build
saravanans@skillsasap-vm:~/terraform_custom_provider$ ls
go.mod  main.go      resource_server.go
go.sum  provider.go  terraform-provider-example
saravanans@skillsasap-vm:~/terraform_custom_provider$
saravanans@skillsasap-vm:~/terraform_custom_provider$ ls ~/.terraform.d/
checkpoint_cache  checkpoint_signature  plugins
saravanans@skillsasap-vm:~/terraform_custom_provider$ tree ~/.terraform.d/
/home/saravanans/.terraform.d/
├── checkpoint_cache
├── checkpoint_signature
└── plugins

1 directory, 2 files
saravanans@skillsasap-vm:~/terraform_custom_provider$ vi go.mod
saravanans@skillsasap-vm:~/terraform_custom_provider$ vi go.sum
saravanans@skillsasap-vm:~/terraform_custom_provider$
saravanans@skillsasap-vm:~/terraform_custom_provider$ mkdir -p ~/.terraform.d/plugins/terraform-example.com/exampleprovider/example/1.0.0/linux_amd64
saravanans@skillsasap-vm:~/terraform_custom_provider$ tree ~/.terraform.d/
/home/saravanans/.terraform.d/
├── checkpoint_cache
├── checkpoint_signature
└── plugins
    └── terraform-example.com
        └── exampleprovider
            └── example
                └── 1.0.0
                    └── linux_amd64

6 directories, 2 files
saravanans@skillsasap-vm:~/terraform_custom_provider$ cp terraform-provider-example ~/.terraform.d/plugins/terraform-example.com/exampleprovider/example/1.0.0/linux_amd64/
saravanans@skillsasap-vm:~/terraform_custom_provider$ tree ~/.terraform.d/
/home/saravanans/.terraform.d/
├── checkpoint_cache
├── checkpoint_signature
└── plugins
    └── terraform-example.com
        └── exampleprovider
            └── example
                └── 1.0.0
                    └── linux_amd64
                        └── terraform-provider-example

6 directories, 3 files
saravanans@skillsasap-vm:~/terraform_custom_provider$
saravanans@skillsasap-vm:~/terraform_custom_provider$


saravanans@skillsasap-vm:~$ cd
saravanans@skillsasap-vm:~$ mkdir tf_my_custom_provider
saravanans@skillsasap-vm:~$ cd tf_my_custom_provider
saravanans@skillsasap-vm:~/tf_my_custom_provider$ vi main.tf




saravanans@skillsasap-vm:~/tf_my_custom_provider$ cat main.tf
resource "example_server" "demoinstance" {
  uuid_count = "1"
}










saravanans@skillsasap-vm:~/tf_my_custom_provider$ terraform init




Initializing the backend...

Initializing provider plugins...
- Finding latest version of hashicorp/example...
╷
│ Error: Failed to query available provider packages
│
│ Could not retrieve the list of available versions for provider
│ hashicorp/example: provider registry registry.terraform.io does not have a
│ provider named registry.terraform.io/hashicorp/example
│
│ All modules should specify their required_providers so that external consumers
│ will get the correct providers when using a module. To see which modules are
│ currently depending on hashicorp/example, run the following command:
│     terraform providers
╵

saravanans@skillsasap-vm:~/tf_my_custom_provider$ vi terraform.tf
saravanans@skillsasap-vm:~/tf_my_custom_provider$ cat terraform.tf
terraform {
  required_providers {
    example = {
      version = "~> 1.0.0"
      source  = "terraform-example.com/exampleprovider/example"
    }
  }
}

saravanans@skillsasap-vm:~/tf_my_custom_provider$ tree ~/.terraform.d/
/home/saravanans/.terraform.d/
├── checkpoint_cache
├── checkpoint_signature
└── plugins
    └── terraform-example.com
        └── exampleprovider
            └── example
                └── 1.0.0
                    └── linux_amd64
                        └── terraform-provider-example

6 directories, 3 files
saravanans@skillsasap-vm:~/tf_my_custom_provider$ cat terraform.tf
terraform {
  required_providers {
    example = {
      version = "~> 1.0.0"
      source  = "terraform-example.com/exampleprovider/example"
    }
  }
}

saravanans@skillsasap-vm:~/tf_my_custom_provider$


saravanans@skillsasap-vm:~/tf_my_custom_provider$ cat main.tf
resource "example_server" "demoinstance" {
  uuid_count = "1"
}
saravanans@skillsasap-vm:~/tf_my_custom_provider$ terraform init

Initializing the backend...

Initializing provider plugins...
- Finding terraform-example.com/exampleprovider/example versions matching "~> 1.0.0"...
- Installing terraform-example.com/exampleprovider/example v1.0.0...
- Installed terraform-example.com/exampleprovider/example v1.0.0 (unauthenticated)

Terraform has created a lock file .terraform.lock.hcl to record the provider
selections it made above. Include this file in your version control repository
so that Terraform can guarantee to make the same selections by default when
you run "terraform init" in the future.

╷
│ Warning: Incomplete lock file information for providers
│
│ Due to your customized provider installation methods, Terraform was forced to
│ calculate lock file checksums locally for the following providers:
│   - terraform-example.com/exampleprovider/example
│
│ The current .terraform.lock.hcl file only includes checksums for linux_amd64, so
│ Terraform running on another platform will fail to install these providers.
│
│ To calculate additional checksums for another platform, run:
│   terraform providers lock -platform=linux_amd64
│ (where linux_amd64 is the platform to generate)
╵

Terraform has been successfully initialized!

You may now begin working with Terraform. Try running "terraform plan" to see
any changes that are required for your infrastructure. All Terraform commands
should now work.

If you ever set or change modules or backend configuration for Terraform,
rerun this command to reinitialize your working directory. If you forget, other
commands will detect it and remind you to do so if necessary.
saravanans@skillsasap-vm:~/tf_my_custom_provider$ ls
main.tf  terraform.tf
saravanans@skillsasap-vm:~/tf_my_custom_provider$ ls -a
.  ..  .terraform  .terraform.lock.hcl  main.tf  terraform.tf
saravanans@skillsasap-vm:~/tf_my_custom_provider$ tree .terraform
.terraform
└── providers
    └── terraform-example.com
        └── exampleprovider
            └── example
                └── 1.0.0
                    └── linux_amd64 -> /home/saravanans/.terraform.d/plugins/terraform-example.com/exampleprovider/example/1.0.0/linux_amd64

6 directories, 0 files
saravanans@skillsasap-vm:~/tf_my_custom_provider$ cat main.tf
resource "example_server" "demoinstance" {
  uuid_count = "1"
}
saravanans@skillsasap-vm:~/tf_my_custom_provider$ terraform apply

Terraform used the selected providers to generate the following execution plan.
Resource actions are indicated with the following symbols:
  + create

Terraform will perform the following actions:

  # example_server.demoinstance will be created
  + resource "example_server" "demoinstance" {
      + id         = (known after apply)
      + uuid_count = "1"
    }

Plan: 1 to add, 0 to change, 0 to destroy.

Do you want to perform these actions?
  Terraform will perform the actions described above.
  Only 'yes' will be accepted to approve.

  Enter a value: yes

example_server.demoinstance: Creating...
example_server.demoinstance: Creation complete after 1s [id=1]

Apply complete! Resources: 1 added, 0 changed, 0 destroyed.
saravanans@skillsasap-vm:~/tf_my_custom_provider$ terraform refresh
example_server.demoinstance: Refreshing state... [id=1]
saravanans@skillsasap-vm:~/tf_my_custom_provider$ terraform destroy
example_server.demoinstance: Refreshing state... [id=1]

Terraform used the selected providers to generate the following execution plan.
Resource actions are indicated with the following symbols:
  - destroy

Terraform will perform the following actions:

  # example_server.demoinstance will be destroyed
  - resource "example_server" "demoinstance" {
      - id         = "1" -> null
      - uuid_count = "1" -> null
    }

Plan: 0 to add, 0 to change, 1 to destroy.

Do you really want to destroy all resources?
  Terraform will destroy all your managed infrastructure, as shown above.
  There is no undo. Only 'yes' will be accepted to confirm.

  Enter a value: yes

example_server.demoinstance: Destroying... [id=1]
example_server.demoinstance: Destruction complete after 0s

Destroy complete! Resources: 1 destroyed.
saravanans@skillsasap-vm:~/tf_my_custom_provider$
saravanans@skillsasap-vm:~/tf_my_custom_provider$


